<html>
<body>
<pre>
<h1>µVision Build Log</h1>
<h2>Tool Versions:</h2>
IDE-Version: µVision V5.28.0.0
Copyright (C) 2019 ARM Ltd and ARM Germany GmbH. All rights reserved.
License Information: Daan Wijns Vives Kortrijk Flex license: MDK Professional 5.28 (Flex) (mdk_pro) Borrow: 31 Jan 2020
 
Tool Versions:
Toolchain:       MDK Professional 5.28 (Flex)  Version: 5.28.0.0
Toolchain Path:  C:\Keil_v5\ARM\ARMCC\Bin
C Compiler:      Armcc.exe V5.06 update 6 (build 750)
Assembler:       Armasm.exe V5.06 update 6 (build 750)
Linker/Locator:  ArmLink.exe V5.06 update 6 (build 750)
Library Manager: ArmAr.exe V5.06 update 6 (build 750)
Hex Converter:   FromElf.exe V5.06 update 6 (build 750)
CPU DLL:         SARMCM3.DLL V5.28.0.0
Dialog DLL:      DCM.DLL V1.17.3.0
Target DLL:      STLink\ST-LINKIII-KEIL_SWO.dll V3.0.6.0
Dialog DLL:      TCM.DLL V1.36.2.0
 
<h2>Project:</h2>
C:\Users\daanw\OneDrive - Hogeschool VIVES\School\1-2e Bach\Sem1\Microcontrollers 2\STM32CUBE_Projects\Project 4 - GUI & TEMP\apnt_268.uvprojx
Project File Date:  12/09/2019

<h2>Output:</h2>
*** Using Compiler 'V5.06 update 6 (build 750)', folder: 'C:\Keil_v5\ARM\ARMCC\Bin'
Build target 'Target 1'
compiling Timer.c...
util.h(8): warning:  #1295-D: Deprecated declaration State_Init - give arg types
  void State_Init();
util.h(11): warning:  #1295-D: Deprecated declaration setSuccessMessage - give arg types
  void setSuccessMessage();
util.h(18): warning:  #1-D: last line of file ends without a newline
  } State;
Timer.c(4): warning:  #177-D: variable "timer_cnt"  was declared but never referenced
   static int timer_cnt = 0;
Timer.c: 4 warnings, 0 errors
compiling GUI_SingleThread.c...
.\RTE\CMSIS\../../util.h(8): warning:  #1295-D: Deprecated declaration State_Init - give arg types
  void State_Init();
.\RTE\CMSIS\../../util.h(11): warning:  #1295-D: Deprecated declaration setSuccessMessage - give arg types
  void setSuccessMessage();
.\RTE\CMSIS\../../util.h(18): warning:  #1-D: last line of file ends without a newline
  } State;
GUI_SingleThread.c: 3 warnings, 0 errors
compiling TemperatuurDLG.c...
RTE\Graphics\../../util.h(8): warning:  #1295-D: Deprecated declaration State_Init - give arg types
  void State_Init();
RTE\Graphics\../../util.h(11): warning:  #1295-D: Deprecated declaration setSuccessMessage - give arg types
  void setSuccessMessage();
RTE\Graphics\../../util.h(18): warning:  #1-D: last line of file ends without a newline
  } State;
RTE\Graphics\TemperatuurDLG.c(182): warning:  #546-D: transfer of control bypasses initialization of:
            variable "value"  (declared at line 186)
        switch(NCode) {
        ^
RTE\Graphics\TemperatuurDLG.c(206): warning:  #546-D: transfer of control bypasses initialization of:
            variable "value"  (declared at line 210)
        switch(NCode) {
        ^
RTE\Graphics\TemperatuurDLG.c: 5 warnings, 0 errors
compiling util.c...
util.h(8): warning:  #1295-D: Deprecated declaration State_Init - give arg types
  void State_Init();
util.h(11): warning:  #1295-D: Deprecated declaration setSuccessMessage - give arg types
  void setSuccessMessage();
util.h(18): warning:  #1-D: last line of file ends without a newline
  } State;
util.c(36): warning:  #68-D: integer conversion resulted in a change of sign
    if (ptrI2C->GetDataCount() != 1) return -1;
util.c(39): warning:  #68-D: integer conversion resulted in a change of sign
    if (ptrI2C->GetDataCount() != 1) return -1;
util.c: 5 warnings, 0 errors
linking...
Program Size: Code=131264 RO-data=25564 RW-data=9248 ZI-data=42120  
".\Objects\apnt_268.axf" - 0 Error(s), 17 Warning(s).

<h2>Software Packages used:</h2>

Package Vendor: ARM
                http://www.keil.com/pack/ARM.CMSIS.5.6.0.pack
                ARM.CMSIS.5.6.0
                CMSIS (Cortex Microcontroller Software Interface Standard)
   * Component: I2C Version: 2.3.0
   * Component: SPI Version: 2.2.0
   * Component: USB Host Version: 2.2.0
   * Component: RTOS2 Version: 2.1.3
   * Component: CORE Version: 5.3.0
   * Component: Keil RTX5 Variant: Library Version: 5.5.1

Package Vendor: Keil
                http://www.keil.com/pack/Keil.ARM_Compiler.1.6.1.pack
                Keil.ARM_Compiler.1.6.1
                Keil ARM Compiler extensions for ARM Compiler 5 and ARM Compiler 6
   * Component: Event Recorder Variant: DAP Version: 1.4.0
   * Component: File Variant: File System Version: 1.2.0

Package Vendor: Keil
                http://www.keil.com/pack/Keil.MDK-Middleware.7.9.0.pack
                Keil.MDK-Middleware.7.9.0
                Middleware for Keil MDK-Professional and MDK-Plus
   * Component: LED Version: 1.0.0
   * Component: Touchscreen Version: 1.0.1
   * Component: emWin LCD Version: 1.1.0
   * Component: CORE Variant: LFN Debug Version: 6.12.0
   * Component: USB Version: 6.12.0
   * Component: CORE Variant: Release Version: 6.13.6
   * Component: Host Version: 6.13.6
   * Component: MSC Version: 6.13.6
   * Component: CORE Version: 5.50.0
   * Component: Touchscreen Version: 5.50.0
   * Component: GUI Builder Version: 5.50.0

Package Vendor: Keil
                http://www.keil.com/pack/Keil.STM32F4xx_DFP.2.14.0.pack
                Keil.STM32F4xx_DFP.2.14.0
                STMicroelectronics STM32F4 Series Device Support, Drivers and Examples
   * Component: STM32Cube Framework Version: 1.0.0
   * Component: LED Version: 1.0.0
   * Component: Touchscreen Version: 1.0.0
   * Component: emWin LCD Variant: RGB IF Version: 1.0.0
   * Component: I2C Version: 2.9
   * Component: SPI Version: 2.12
   * Component: High-speed Version: 2.22
   * Component: Classic Version: 1.7.6
   * Component: Common Version: 1.7.6
   * Component: Cortex Version: 1.7.6
   * Component: DMA Version: 1.7.6
   * Component: DMA2D Version: 1.7.6
   * Component: GPIO Version: 1.7.6
   * Component: I2C Version: 1.7.6
   * Component: LTDC Version: 1.7.6
   * Component: PWR Version: 1.7.6
   * Component: RCC Version: 1.7.6
   * Component: SPI Version: 1.7.6
   * Component: Startup Version: 2.6.3
   * Component: STM32F429I-Discovery Variant: RGB IF Version: 1.0.2

<h2>Collection of Component include folders:</h2>
  .\RTE\CMSIS
  .\RTE\Compiler
  .\RTE\Device\STM32F429ZITx
  .\RTE\_Target_1
  C:\Users\daanw\AppData\Local\Arm\Packs\ARM\CMSIS\5.6.0\CMSIS\Core\Include
  C:\Users\daanw\AppData\Local\Arm\Packs\ARM\CMSIS\5.6.0\CMSIS\Driver\Include
  C:\Users\daanw\AppData\Local\Arm\Packs\ARM\CMSIS\5.6.0\CMSIS\RTOS2\Include
  C:\Users\daanw\AppData\Local\Arm\Packs\ARM\CMSIS\5.6.0\CMSIS\RTOS2\RTX\Include
  C:\Users\daanw\AppData\Local\Arm\Packs\Keil\ARM_Compiler\1.6.1\Include
  C:\Users\daanw\AppData\Local\Arm\Packs\Keil\MDK-Middleware\7.9.0\Board
  C:\Users\daanw\AppData\Local\Arm\Packs\Keil\MDK-Middleware\7.9.0\FileSystem\Include
  C:\Users\daanw\AppData\Local\Arm\Packs\Keil\MDK-Middleware\7.9.0\USB\Include
  C:\Users\daanw\AppData\Local\Arm\Packs\Keil\MDK-Middleware\7.9.0\emWin\Include
  C:\Users\daanw\AppData\Local\Arm\Packs\Keil\STM32F4xx_DFP\2.14.0\Drivers\CMSIS\Device\ST\STM32F4xx\Include
  C:\Users\daanw\AppData\Local\Arm\Packs\Keil\STM32F4xx_DFP\2.14.0\Drivers\STM32F4xx_HAL_Driver\Inc

<h2>Collection of Component Files used:</h2>

   * Component: ::Board Support:LED:1.0.0 (API)
      Include file:  Board\Board_LED.h

   * Component: ::Board Support:Touchscreen:1.0.1 (API)
      Include file:  Board\Board_Touch.h

   * Component: ::Board Support:emWin LCD:1.1.0 (API)
      Include file:  emWin\Include\LCD_X.h

   * Component: ::CMSIS Driver:I2C:2.3.0 (API)
      Include file:  CMSIS\Driver\Include\Driver_I2C.h

   * Component: ::CMSIS Driver:SPI:2.2.0 (API)
      Include file:  CMSIS\Driver\Include\Driver_SPI.h

   * Component: ::CMSIS Driver:USB Host:2.2.0 (API)
      Include file:  CMSIS\Driver\Include\Driver_USBH.h

   * Component: ::CMSIS:RTOS2:2.1.3 (API)
      Include file:  CMSIS\RTOS2\Include\cmsis_os2.h

   * Component: ::Device:STM32Cube Framework:1.0.0 (API)

   * Component: ARM::CMSIS:CORE:5.3.0

   * Component: ARM::CMSIS:RTOS2:Keil RTX5:Library:5.5.1
      Source file:   CMSIS\RTOS2\RTX\Template\Semaphore.c
      Source file:   CMSIS\RTOS2\RTX\Template\MemPool.c
      Source file:   CMSIS\RTOS2\RTX\Template\MsgQueue.c
      Source file:   CMSIS\RTOS2\RTX\Template\Timer.c
      Source file:   CMSIS\RTOS2\RTX\Template\svc_user.c
      Source file:   CMSIS\RTOS2\RTX\Template\Mutex.c
      Source file:   CMSIS\RTOS2\RTX\Template\main.c
      Source file:   CMSIS\RTOS2\RTX\Config\RTX_Config.c
      Source file:   CMSIS\RTOS2\RTX\Source\rtx_lib.c
      Source file:   CMSIS\RTOS2\RTX\Template\Thread.c
      Source file:   CMSIS\RTOS2\RTX\Template\Events.c
      Library file:  CMSIS\RTOS2\RTX\Library\ARM\RTX_CM4F.lib
      Include file:  CMSIS\RTOS2\RTX\Include\rtx_os.h
      Include file:  CMSIS\RTOS2\RTX\Config\RTX_Config.h

   * Component: Keil.ARM Compiler::Compiler:Event Recorder:DAP:1.4.0
      Include file:  Config\EventRecorderConf.h
      Include file:  Include\EventRecorder.h
      Source file:   Source\EventRecorder.c

   * Component: Keil.ARM Compiler::Compiler:I/O:File:File System:1.2.0
      Source file:   Source\retarget_io.c

   * Component: Keil.MDK-Plus::File System:CORE:LFN Debug:6.12.0
      Include file:  FileSystem\Include\rl_fs.h
      Source file:   FileSystem\Config\FS_Config.c
      Source file:   FileSystem\Config\FS_Debug.c
      Library file:  FileSystem\Lib\ARM\FS_Dbg_LFN_CM3_L.lib

   * Component: Keil.MDK-Plus::File System:Drive:USB:6.12.0
      Source file:   FileSystem\Config\FS_Config_USB.h

   * Component: Keil.MDK-Pro::USB:CORE:Release:6.13.6
      Library file:  USB\Lib\ARM\USB_CM3_L.lib
      Include file:  USB\Include\rl_usb.h

   * Component: Keil.MDK-Pro::USB:Host:6.13.6
      Source file:   USB\Config\USBH_Config.c

   * Component: Keil.MDK-Pro::USB:Host:MSC:6.13.6
      Source file:   USB\Template\USBH_MSC.c
      Source file:   USB\Config\USBH_Config_MSC.h
      Source file:   USB\Template\USBH_MSC.h

   * Component: Keil.STM32F429I-Discovery::Board Support:LED:1.0.0
      Source file:   MDK\Boards\ST\STM32F429I-Discovery\Common\LED_F429Discovery.c

   * Component: Keil.STM32F429I-Discovery::Board Support:Touchscreen:1.0.0
      Source file:   MDK\Boards\ST\STM32F429I-Discovery\Common\Touch_STMPE811.c

   * Component: Keil.STM32F429I-Discovery::Board Support:emWin LCD:RGB IF:1.0.0
      Source file:   MDK\Boards\ST\STM32F429I-Discovery\Common\LCD_X.c

   * Component: Keil::CMSIS Driver:I2C:2.9
      Source file:   CMSIS\Driver\I2C_STM32F4xx.c

   * Component: Keil::CMSIS Driver:SPI:2.12
      Source file:   CMSIS\Driver\SPI_STM32F4xx.c

   * Component: Keil::CMSIS Driver:USB Host:High-speed:2.22
      Source file:   CMSIS\Driver\OTG_HS_STM32F4xx.c
      Source file:   CMSIS\Driver\USBH_HS_STM32F4xx.c

   * Component: Keil::Device:STM32Cube Framework:Classic:1.7.6
      Source file:   MDK\Templates\Src\main.c
      Include file:  MDK\Templates\Inc\main.h
      Source file:   MDK\Templates\Src\stm32f4xx_it.c
      Source file:   MDK\Templates\Src\stm32f4xx_hal_msp.c
      Include file:  MDK\Templates_LL\Inc\main.h
      Include file:  CMSIS\Driver\Config\RTE_Device.h
      Include file:  MDK\Templates\Inc\stm32f4xx_hal_conf.h
      Include file:  MDK\Templates\Inc\stm32f4xx_it.h
      Source file:   MDK\Templates_LL\Src\main.c

   * Component: Keil::Device:STM32Cube HAL:Common:1.7.6
      Source file:   Drivers\STM32F4xx_HAL_Driver\Src\stm32f4xx_hal.c
      Include file:  Drivers\STM32F4xx_HAL_Driver\Inc\stm32f4xx_hal.h

   * Component: Keil::Device:STM32Cube HAL:Cortex:1.7.6
      Source file:   Drivers\STM32F4xx_HAL_Driver\Src\stm32f4xx_hal_cortex.c

   * Component: Keil::Device:STM32Cube HAL:DMA:1.7.6
      Source file:   Drivers\STM32F4xx_HAL_Driver\Src\stm32f4xx_hal_dma_ex.c
      Source file:   Drivers\STM32F4xx_HAL_Driver\Src\stm32f4xx_hal_dma.c

   * Component: Keil::Device:STM32Cube HAL:DMA2D:1.7.6
      Source file:   Drivers\STM32F4xx_HAL_Driver\Src\stm32f4xx_hal_dma2d.c

   * Component: Keil::Device:STM32Cube HAL:GPIO:1.7.6
      Source file:   Drivers\STM32F4xx_HAL_Driver\Src\stm32f4xx_hal_gpio.c

   * Component: Keil::Device:STM32Cube HAL:I2C:1.7.6
      Source file:   Drivers\STM32F4xx_HAL_Driver\Src\stm32f4xx_hal_i2c.c
      Source file:   Drivers\STM32F4xx_HAL_Driver\Src\stm32f4xx_hal_i2c_ex.c

   * Component: Keil::Device:STM32Cube HAL:LTDC:1.7.6
      Source file:   Drivers\STM32F4xx_HAL_Driver\Src\stm32f4xx_hal_ltdc.c

   * Component: Keil::Device:STM32Cube HAL:PWR:1.7.6
      Source file:   Drivers\STM32F4xx_HAL_Driver\Src\stm32f4xx_hal_pwr.c
      Source file:   Drivers\STM32F4xx_HAL_Driver\Src\stm32f4xx_hal_pwr_ex.c

   * Component: Keil::Device:STM32Cube HAL:RCC:1.7.6
      Source file:   Drivers\STM32F4xx_HAL_Driver\Src\stm32f4xx_hal_rcc.c
      Source file:   Drivers\STM32F4xx_HAL_Driver\Src\stm32f4xx_hal_rcc_ex.c

   * Component: Keil::Device:STM32Cube HAL:SPI:1.7.6
      Source file:   Drivers\STM32F4xx_HAL_Driver\Src\stm32f4xx_hal_spi.c

   * Component: Keil::Device:Startup:2.6.3
      Source file:   MDK\Device\Source\ARM\STM32F4xx_OTP.s
      Include file:  Drivers\CMSIS\Device\ST\STM32F4xx\Include\stm32f4xx.h
      Source file:   MDK\Device\Source\ARM\STM32F42xxx_43xxx_OPT.s
      Source file:   Drivers\CMSIS\Device\ST\STM32F4xx\Source\Templates\arm\startup_stm32f429xx.s
      Source file:   Drivers\CMSIS\Device\ST\STM32F4xx\Source\Templates\system_stm32f4xx.c

   * Component: Keil::Graphics Display:STM32F429I-Discovery:RGB IF:1.0.2
      Source file:   MDK\Boards\ST\STM32F429I-Discovery\Common\LCDConf.c

   * Component: Segger.MDK-Plus::Graphics:CORE:5.50.0
      Source file:   emWin\Sample\Template\RTOS2\GUI_SingleThread.c
      Source file:   emWin\Sample\Template\RTOS2\GUI_TemplateThread.c
      Include file:  emWin\Include\GUI.h
      Source file:   emWin\Sample\Config\GUIConf.c
      Source file:   emWin\Sample\GUI_X\GUI_X_RTE.c
      Library file:  emWin\Lib\ARM\GUI_CM4F_L.lib
      Source file:   emWin\Sample\Template\RTOS2\GUI_MultiThread.c

   * Component: Segger.MDK-Plus::Graphics:Input Device:Touchscreen:5.50.0
      Source file:   emWin\Sample\GUI_X\GUI_X_Touch.c

   * Component: Segger.MDK-Plus::Graphics:Tools:GUI Builder:5.50.0
Build Time Elapsed:  00:00:07
</pre>
</body>
</html>
